>~ Example Label ~
#^ text.skitscript keyword.operator.tilde.skitscript
# ^ text.skitscript
#  ^^^^^^^^^^^^^ text.skitscript variable.other.skitscript
#               ^ text.skitscript
#                ^ text.skitscript keyword.operator.tilde.skitscript
>
>Set Example Flag.
#^^^ text.skitscript keyword.other.set
#   ^ text.skitscript
#    ^^^^^^^^^^^^ text.skitscript variable.other.skitscript
#                ^^ text.skitscript keyword.operator.period.skitscript
>
>> Example Menu Option leads to Example Label when Example Flag.
#^ text.skitscript keyword.control.menuoption.skitscript
# ^ text.skitscript
#  ^^^^^^^ text.skitscript markup.other.skitscript
#         ^ text.skitscript
#          ^^^^ text.skitscript markup.other.skitscript
#              ^ text.skitscript
#               ^^^^^^ text.skitscript markup.other.skitscript
#                     ^ text.skitscript
#                      ^^^^^ text.skitscript keyword.control.leads.skitscript
#                           ^ text.skitscript
#                            ^^ text.skitscript keyword.control.to.skitscript
#                              ^ text.skitscript
#                               ^^^^^^^^^^^^^ text.skitscript variable.other.skitscript
#                                            ^ text.skitscript
#                                             ^^^^ text.skitscript keyword.control.when
#                                                 ^ text.skitscript
#                                                  ^^^^^^^^^^^^ text.skitscript variable.other.skitscript
#                                                              ^^ text.skitscript keyword.operator.period.skitscript
>> Example Menu Option leads to Example Label.
#^ text.skitscript keyword.control.menuoption.skitscript
# ^ text.skitscript
#  ^^^^^^^ text.skitscript markup.other.skitscript
#         ^ text.skitscript
#          ^^^^ text.skitscript markup.other.skitscript
#              ^ text.skitscript
#               ^^^^^^ text.skitscript markup.other.skitscript
#                     ^ text.skitscript
#                      ^^^^^ text.skitscript keyword.control.leads.skitscript
#                           ^ text.skitscript
#                            ^^ text.skitscript keyword.control.to.skitscript
#                              ^ text.skitscript
#                               ^^^^^^^^^^^^^ text.skitscript variable.other.skitscript
#                                            ^^ text.skitscript keyword.operator.period.skitscript
>> Example Menu Option leads to Example Label when Example Flag.
#^ text.skitscript keyword.control.menuoption.skitscript
# ^ text.skitscript
#  ^^^^^^^ text.skitscript markup.other.skitscript
#         ^ text.skitscript
#          ^^^^ text.skitscript markup.other.skitscript
#              ^ text.skitscript
#               ^^^^^^ text.skitscript markup.other.skitscript
#                     ^ text.skitscript
#                      ^^^^^ text.skitscript keyword.control.leads.skitscript
#                           ^ text.skitscript
#                            ^^ text.skitscript keyword.control.to.skitscript
#                              ^ text.skitscript
#                               ^^^^^^^^^^^^^ text.skitscript variable.other.skitscript
#                                            ^ text.skitscript
#                                             ^^^^ text.skitscript keyword.control.when
#                                                 ^ text.skitscript
#                                                  ^^^^^^^^^^^^ text.skitscript variable.other.skitscript
#                                                              ^^ text.skitscript keyword.operator.period.skitscript
>
>Example Character (Example Emote):
#^^^^^^^^^^^^^^^^^ text.skitscript variable.other.skitscript
#                 ^ text.skitscript
#                  ^ text.skitscript keyword.operator.parenthesis.opening.skitscript
#                   ^^^^^^^^^^^^^ text.skitscript variable.other.skitscript
#                                ^ text.skitscript keyword.operator.parenthesis.closing.skitscript
#                                 ^ text.skitscript keyword.operator.colon.skitscript
>