>Example Character is Example  EmoTe.
#^^^^^^^^^^^^^^^^^ text.skitscript variable.other.skitscript
#                 ^^^^ text.skitscript
#                     ^^^^^^^^^^^^^^ text.skitscript variable.other.skitscript
#                                   ^^ text.skitscript keyword.operator.period.skitscript
>
>Example Character A and Example Character B are exAMple EMOte.
#^^^^^^^^^^^^^^^^^^^ text.skitscript variable.other.skitscript
#                   ^ text.skitscript
#                    ^^^ text.skitscript keyword.operator.and
#                       ^ text.skitscript
#                        ^^^^^^^^^^^^^^^^^^^ text.skitscript variable.other.skitscript
#                                           ^^^^^ text.skitscript
#                                                ^^^^^^^^^^^^^ text.skitscript variable.other.skitscript
#                                                             ^^ text.skitscript keyword.operator.period.skitscript
>