>Example Character A and Example Character B exit Example AnimAtion.
#^^^^^^^^^^^^^^^^^^^ text.skitscript variable.other.skitscript
#                   ^ text.skitscript
#                    ^^^ text.skitscript keyword.operator.and
#                       ^ text.skitscript
#                        ^^^^^^^^^^^^^^^^^^^ text.skitscript variable.other.skitscript
#                                           ^ text.skitscript
#                                            ^^^^ text.skitscript keyword.other.exit
#                                                ^ text.skitscript
#                                                 ^^^^^^^^^^^^^^^^^ text.skitscript variable.other.skitscript
#                                                                  ^^ text.skitscript keyword.operator.period.skitscript
>
>Example Character A and Example Character B exit exAMple ANIMation.
#^^^^^^^^^^^^^^^^^^^ text.skitscript variable.other.skitscript
#                   ^ text.skitscript
#                    ^^^ text.skitscript keyword.operator.and
#                       ^ text.skitscript
#                        ^^^^^^^^^^^^^^^^^^^ text.skitscript variable.other.skitscript
#                                           ^ text.skitscript
#                                            ^^^^ text.skitscript keyword.other.exit
#                                                ^ text.skitscript
#                                                 ^^^^^^^^^^^^^^^^^ text.skitscript variable.other.skitscript
#                                                                  ^^ text.skitscript keyword.operator.period.skitscript
>