>Example  CharActer is Example Emote.
#^^^^^^^^^^^^^^^^^^ text.skitscript variable.other.skitscript
#                  ^ text.skitscript
#                   ^^ text.skitscript keyword.other.is
#                     ^ text.skitscript
#                      ^^^^^^^^^^^^^ text.skitscript variable.other.skitscript
#                                   ^^ text.skitscript keyword.operator.period.skitscript
>
>exAMple CHARacter is Example Emote.
#^^^^^^^^^^^^^^^^^ text.skitscript variable.other.skitscript
#                 ^ text.skitscript
#                  ^^ text.skitscript keyword.other.is
#                    ^ text.skitscript
#                     ^^^^^^^^^^^^^ text.skitscript variable.other.skitscript
#                                  ^^ text.skitscript keyword.operator.period.skitscript
>