>Jump to Example Label.
#^^^^ text.skitscript keyword.control.jump
#    ^ text.skitscript
#     ^^ text.skitscript keyword.control.to
#       ^ text.skitscript
#        ^^^^^^^^^^^^^ text.skitscript variable.other.skitscript
#                     ^^ text.skitscript keyword.operator.period.skitscript
>