>~ Example Label ~
#^ text.skitscript keyword.operator.tilde.skitscript
# ^ text.skitscript
#  ^^^^^^^^^^^^^ text.skitscript variable.other.skitscript
#               ^ text.skitscript
#                ^ text.skitscript keyword.operator.tilde.skitscript
>
>Set Example Flag.
#^^^ text.skitscript keyword.other.set
#   ^ text.skitscript
#    ^^^^^^^^^^^^ text.skitscript variable.other.skitscript
#                ^^ text.skitscript keyword.operator.period.skitscript
>
>> Example Menu Option leads to Example Label when Example Flag.
#^ text.skitscript keyword.control.menuoption.skitscript
# ^ text.skitscript
#  ^^^^^^^ text.skitscript markup.other.skitscript
#         ^ text.skitscript
#          ^^^^ text.skitscript markup.other.skitscript
#              ^ text.skitscript
#               ^^^^^^ text.skitscript markup.other.skitscript
#                     ^ text.skitscript
#                      ^^^^^ text.skitscript keyword.control.leads.skitscript
#                           ^ text.skitscript
#                            ^^ text.skitscript keyword.control.to.skitscript
#                              ^ text.skitscript
#                               ^^^^^^^^^^^^^ text.skitscript variable.other.skitscript
#                                            ^ text.skitscript
#                                             ^^^^ text.skitscript keyword.control.when
#                                                 ^ text.skitscript
#                                                  ^^^^^^^^^^^^ text.skitscript variable.other.skitscript
#                                                              ^^ text.skitscript keyword.operator.period.skitscript
>> Example Menu Option leads to Example Label.
#^ text.skitscript keyword.control.menuoption.skitscript
# ^ text.skitscript
#  ^^^^^^^ text.skitscript markup.other.skitscript
#         ^ text.skitscript
#          ^^^^ text.skitscript markup.other.skitscript
#              ^ text.skitscript
#               ^^^^^^ text.skitscript markup.other.skitscript
#                     ^ text.skitscript
#                      ^^^^^ text.skitscript keyword.control.leads.skitscript
#                           ^ text.skitscript
#                            ^^ text.skitscript keyword.control.to.skitscript
#                              ^ text.skitscript
#                               ^^^^^^^^^^^^^ text.skitscript variable.other.skitscript
#                                            ^^ text.skitscript keyword.operator.period.skitscript
>> Example Menu Option leads to Example Label when Example Flag.
#^ text.skitscript keyword.control.menuoption.skitscript
# ^ text.skitscript
#  ^^^^^^^ text.skitscript markup.other.skitscript
#         ^ text.skitscript
#          ^^^^ text.skitscript markup.other.skitscript
#              ^ text.skitscript
#               ^^^^^^ text.skitscript markup.other.skitscript
#                     ^ text.skitscript
#                      ^^^^^ text.skitscript keyword.control.leads.skitscript
#                           ^ text.skitscript
#                            ^^ text.skitscript keyword.control.to.skitscript
#                              ^ text.skitscript
#                               ^^^^^^^^^^^^^ text.skitscript variable.other.skitscript
#                                            ^ text.skitscript
#                                             ^^^^ text.skitscript keyword.control.when
#                                                 ^ text.skitscript
#                                                  ^^^^^^^^^^^^ text.skitscript variable.other.skitscript
#                                                              ^^ text.skitscript keyword.operator.period.skitscript
>
>Example Character A and Example Character B enter left, Example Emote.
#^^^^^^^^^^^^^^^^^^^ text.skitscript variable.other.skitscript
#                   ^ text.skitscript
#                    ^^^ text.skitscript keyword.operator.and
#                       ^ text.skitscript
#                        ^^^^^^^^^^^^^^^^^^^ text.skitscript variable.other.skitscript
#                                           ^ text.skitscript
#                                            ^^^^^ text.skitscript keyword.other.enter
#                                                 ^ text.skitscript
#                                                  ^^^^ text.skitscript variable.other.skitscript
#                                                      ^ text.skitscript punctuation.comma.skitscript
#                                                       ^ text.skitscript
#                                                        ^^^^^^^^^^^^^ text.skitscript variable.other.skitscript
#                                                                     ^^ text.skitscript keyword.operator.period.skitscript
>