>  Example line which ends unexpectedly \
#^^ text.skitscript
#  ^^^^^^^ text.skitscript markup.other.skitscript
#         ^ text.skitscript
#          ^^^^ text.skitscript markup.other.skitscript
#              ^ text.skitscript
#               ^^^^^ text.skitscript markup.other.skitscript
#                    ^ text.skitscript
#                     ^^^^ text.skitscript markup.other.skitscript
#                         ^ text.skitscript
#                          ^^^^^^^^^^^^ text.skitscript markup.other.skitscript
#                                      ^ text.skitscript
#                                       ^ text.skitscript markup.other.skitscript
>