>~ Example Label ~
#^ text.skitscript keyword.operator.tilde.skitscript
# ^ text.skitscript
#  ^^^^^^^^^^^^^ text.skitscript variable.other.skitscript
#               ^ text.skitscript
#                ^ text.skitscript keyword.operator.tilde.skitscript
>
>Set Example Flag A, Example Flag B, Example Flag C and Example Flag D.
#^^^ text.skitscript keyword.other.set
#   ^ text.skitscript
#    ^^^^^^^^^^^^^^ text.skitscript variable.other.skitscript
#                  ^ text.skitscript punctuation.comma.skitscript
#                   ^ text.skitscript
#                    ^^^^^^^^^^^^^^ text.skitscript variable.other.skitscript
#                                  ^ text.skitscript punctuation.comma.skitscript
#                                   ^ text.skitscript
#                                    ^^^^^^^^^^^^^^ text.skitscript variable.other.skitscript
#                                                  ^ text.skitscript
#                                                   ^^^ text.skitscript keyword.operator.and
#                                                      ^ text.skitscript
#                                                       ^^^^^^^^^^^^^^ text.skitscript variable.other.skitscript
#                                                                     ^^ text.skitscript keyword.operator.period.skitscript
>
>Clear Example Flag A, Example Flag B, Example Flag C, example    flAG  b and Example Flag D.
#^^^^^ text.skitscript keyword.other.clear
#     ^ text.skitscript
#      ^^^^^^^^^^^^^^ text.skitscript variable.other.skitscript
#                    ^ text.skitscript punctuation.comma.skitscript
#                     ^ text.skitscript
#                      ^^^^^^^^^^^^^^ text.skitscript variable.other.skitscript
#                                    ^ text.skitscript punctuation.comma.skitscript
#                                     ^ text.skitscript
#                                      ^^^^^^^^^^^^^^ text.skitscript variable.other.skitscript
#                                                    ^ text.skitscript punctuation.comma.skitscript
#                                                     ^ text.skitscript
#                                                      ^^^^^^^^^^^^^^^^^^ text.skitscript variable.other.skitscript
#                                                                        ^ text.skitscript
#                                                                         ^^^ text.skitscript keyword.operator.and
#                                                                            ^ text.skitscript
#                                                                             ^^^^^^^^^^^^^^ text.skitscript variable.other.skitscript
#                                                                                           ^^ text.skitscript keyword.operator.period.skitscript
>
>Jump to Example Label when Example Flag A, Example Flag B, Example Flag C or Example Flag D.
#^^^^ text.skitscript keyword.control.jump
#    ^ text.skitscript
#     ^^ text.skitscript keyword.control.to
#       ^ text.skitscript
#        ^^^^^^^^^^^^^ text.skitscript variable.other.skitscript
#                     ^ text.skitscript
#                      ^^^^ text.skitscript keyword.control.when
#                          ^ text.skitscript
#                           ^^^^^^^^^^^^^^ text.skitscript variable.other.skitscript
#                                         ^ text.skitscript punctuation.comma.skitscript
#                                          ^ text.skitscript
#                                           ^^^^^^^^^^^^^^ text.skitscript variable.other.skitscript
#                                                         ^ text.skitscript punctuation.comma.skitscript
#                                                          ^ text.skitscript
#                                                           ^^^^^^^^^^^^^^ text.skitscript variable.other.skitscript
#                                                                         ^ text.skitscript
#                                                                          ^^ text.skitscript keyword.operator.or
#                                                                            ^ text.skitscript
#                                                                             ^^^^^^^^^^^^^^ text.skitscript variable.other.skitscript
#                                                                                           ^^ text.skitscript keyword.operator.period.skitscript
>