>Example  CharActer enters left.
#^^^^^^^^^^^^^^^^^^ text.skitscript variable.other.skitscript
#                  ^ text.skitscript
#                   ^^^^^^ text.skitscript keyword.other.enters
#                         ^ text.skitscript
#                          ^^^^ text.skitscript variable.other.skitscript
#                              ^^ text.skitscript keyword.operator.period.skitscript
>
>exAMple CHARacter exits left.
#^^^^^^^^^^^^^^^^^ text.skitscript variable.other.skitscript
#                 ^ text.skitscript
#                  ^^^^^ text.skitscript keyword.other.exits
#                       ^ text.skitscript
#                        ^^^^ text.skitscript variable.other.skitscript
#                            ^^ text.skitscript keyword.operator.period.skitscript
>