>Location: Example Enters Background.
#^^^^^^^^ text.skitscript keyword.other.location
#        ^ text.skitscript keyword.operator.colon.skitscript
#         ^ text.skitscript
#          ^^^^^^^ text.skitscript variable.other.skitscript
#                 ^ text.skitscript
#                  ^^^^^^ text.skitscript keyword.other.enters
#                        ^ text.skitscript
#                         ^^^^^^^^^^ text.skitscript variable.other.skitscript
#                                   ^^ text.skitscript keyword.operator.period.skitscript
>